=== IMPORT START: 2025-11-25 13:31:33 ===
File: uploads/pdd pagos.pdf
Total Text Length: 2249
First 500 chars:
aNDO: CR0117CR0117Unimed Maranhao do Sul - Coop. de Trabalho Medico
aTítulo:
RELATÓRIO ANALÍTICO	Entrada: 09/10/2025 31/12/2999a
Vencimento: 01/01/1900 31/12/2999aDE CONTAS A RECEBER POR NDO
Lançamento: 01/01/1900 31/12/2999a
Recebimento: 01/01/1900 31/12/2999aPirâmide
VENC.CNPJ/CPFCLIENTE SIT. VALOR TIT. VALORTÍTULO CÓDIGO
CR-REVERSAO PERDA CREDITO PLANO PF - APOS 180 DCR0117
Armando De Souza Costa 628.719.433-20 1 21,47	22/10/2025F0065524 21,474875753-PDD
Armando De Souza Costa 628.719.

FAILED MATCH: Armando De Souza Costa 628.719.433-20 1 21,47	22/10/2025F0065524 21,474875753-PDD
FAILED MATCH: Armando De Souza Costa 628.719.433-20 1 487,62	22/10/2025F0065524 487,624894642-PDD
FAILED MATCH: Armando De Souza Costa 628.719.433-20 1 172,02	22/10/2025F0065524 172,024915067-PDD
FAILED MATCH: Cleudes Rosa Silva 925.468.033-87 1 197,30	27/10/2025F0042294 197,304924908-PDD
FAILED MATCH: Cleudes Rosa Silva 925.468.033-87 1 197,30	27/10/2025F0042294 197,304940833-PDD
FAILED MATCH: Dyhego Anderson Viana Nogueira Santana 025.948.143-26 1 365,23 27/10/2025F0069318 365,235106690-PDD
FAILED MATCH: Dyhego Anderson Viana Nogueira Santana 025.948.143-26 1 18,90 27/10/2025F0069318 18,905142802-PDD
FAILED MATCH: Henrique Jordao Rosa Cruz 668.717.863-68 1 502,39	09/10/2025F0066932 502,394960351-PDD
FAILED MATCH: Henrique Jordao Rosa Cruz 668.717.863-68 1 502,39	09/10/2025F0066932 502,394980493-PDD
FAILED MATCH: Jaciara Holanda Teixeira 466.959.583-00 1 384,72	28/10/2025F0040742 384,724778741-PDD
FAILED MATCH: Jaciara Holanda Teixeira 466.959.583-00 1 378,46	28/10/2025F0040742 378,464796878-PDD
FAILED MATCH: Juliana Vitoria Dos Santos Barros 609.653.823-11 1 135,07	13/10/2025F0070145 135,074666597-PDD
FAILED MATCH: Juliana Vitoria Dos Santos Barros 609.653.823-11 1 156,01	13/10/2025F0070145 156,014681678-PDD
FAILED MATCH: Luciane De Oliveira Sousa 018.055.013-64 1 241,67	17/10/2025F0064655 241,674645613-PDD
FAILED MATCH: Luciane De Oliveira Sousa 018.055.013-64 1 415,73	17/10/2025F0068518 415,734646278-PDD
FAILED MATCH: Luciane De Oliveira Sousa 018.055.013-64 1 241,67	17/10/2025F0064655 241,674661554-PDD
FAILED MATCH: Luciane De Oliveira Sousa 018.055.013-64 1 379,73	17/10/2025F0068518 379,734662209-PDD
FAILED MATCH: Rafael Gomes Rodrigues 615.020.383-23 1 178,29	28/10/2025F0069450 178,294461174-PDD
FAILED MATCH: Zulmira Holanda Teixeira 027.703.511-25 1 420,85	28/10/2025F0059849 420,854751251-PDD
FAILED MATCH: Zulmira Holanda Teixeira 027.703.511-25 1 420,85	28/10/2025F0059849 420,854783364-PDD
Total Matches: 0
=== IMPORT START: 2025-11-25 13:34:38 ===
File: uploads/pdd pagos.pdf
Total Text Length: 2249
First 500 chars:
aNDO: CR0117CR0117Unimed Maranhao do Sul - Coop. de Trabalho Medico
aTítulo:
RELATÓRIO ANALÍTICO	Entrada: 09/10/2025 31/12/2999a
Vencimento: 01/01/1900 31/12/2999aDE CONTAS A RECEBER POR NDO
Lançamento: 01/01/1900 31/12/2999a
Recebimento: 01/01/1900 31/12/2999aPirâmide
VENC.CNPJ/CPFCLIENTE SIT. VALOR TIT. VALORTÍTULO CÓDIGO
CR-REVERSAO PERDA CREDITO PLANO PF - APOS 180 DCR0117
Armando De Souza Costa 628.719.433-20 1 21,47	22/10/2025F0065524 21,474875753-PDD
Armando De Souza Costa 628.719.

FAILED MATCH: Armando De Souza Costa 628.719.433-20 1 21,47	22/10/2025F0065524 21,474875753-PDD
FAILED MATCH: Armando De Souza Costa 628.719.433-20 1 487,62	22/10/2025F0065524 487,624894642-PDD
FAILED MATCH: Armando De Souza Costa 628.719.433-20 1 172,02	22/10/2025F0065524 172,024915067-PDD
FAILED MATCH: Cleudes Rosa Silva 925.468.033-87 1 197,30	27/10/2025F0042294 197,304924908-PDD
FAILED MATCH: Cleudes Rosa Silva 925.468.033-87 1 197,30	27/10/2025F0042294 197,304940833-PDD
FAILED MATCH: Dyhego Anderson Viana Nogueira Santana 025.948.143-26 1 365,23 27/10/2025F0069318 365,235106690-PDD
FAILED MATCH: Dyhego Anderson Viana Nogueira Santana 025.948.143-26 1 18,90 27/10/2025F0069318 18,905142802-PDD
FAILED MATCH: Henrique Jordao Rosa Cruz 668.717.863-68 1 502,39	09/10/2025F0066932 502,394960351-PDD
FAILED MATCH: Henrique Jordao Rosa Cruz 668.717.863-68 1 502,39	09/10/2025F0066932 502,394980493-PDD
FAILED MATCH: Jaciara Holanda Teixeira 466.959.583-00 1 384,72	28/10/2025F0040742 384,724778741-PDD
FAILED MATCH: Jaciara Holanda Teixeira 466.959.583-00 1 378,46	28/10/2025F0040742 378,464796878-PDD
FAILED MATCH: Juliana Vitoria Dos Santos Barros 609.653.823-11 1 135,07	13/10/2025F0070145 135,074666597-PDD
FAILED MATCH: Juliana Vitoria Dos Santos Barros 609.653.823-11 1 156,01	13/10/2025F0070145 156,014681678-PDD
FAILED MATCH: Luciane De Oliveira Sousa 018.055.013-64 1 241,67	17/10/2025F0064655 241,674645613-PDD
FAILED MATCH: Luciane De Oliveira Sousa 018.055.013-64 1 415,73	17/10/2025F0068518 415,734646278-PDD
FAILED MATCH: Luciane De Oliveira Sousa 018.055.013-64 1 241,67	17/10/2025F0064655 241,674661554-PDD
FAILED MATCH: Luciane De Oliveira Sousa 018.055.013-64 1 379,73	17/10/2025F0068518 379,734662209-PDD
FAILED MATCH: Rafael Gomes Rodrigues 615.020.383-23 1 178,29	28/10/2025F0069450 178,294461174-PDD
FAILED MATCH: Zulmira Holanda Teixeira 027.703.511-25 1 420,85	28/10/2025F0059849 420,854751251-PDD
FAILED MATCH: Zulmira Holanda Teixeira 027.703.511-25 1 420,85	28/10/2025F0059849 420,854783364-PDD
Total Matches: 0
=== IMPORT START: 2025-11-25 13:37:45 ===
File: uploads/pdd pagos.pdf
Total Text Length: 2249
First 500 chars:
aNDO: CR0117CR0117Unimed Maranhao do Sul - Coop. de Trabalho Medico
aTítulo:
RELATÓRIO ANALÍTICO	Entrada: 09/10/2025 31/12/2999a
Vencimento: 01/01/1900 31/12/2999aDE CONTAS A RECEBER POR NDO
Lançamento: 01/01/1900 31/12/2999a
Recebimento: 01/01/1900 31/12/2999aPirâmide
VENC.CNPJ/CPFCLIENTE SIT. VALOR TIT. VALORTÍTULO CÓDIGO
CR-REVERSAO PERDA CREDITO PLANO PF - APOS 180 DCR0117
Armando De Souza Costa 628.719.433-20 1 21,47	22/10/2025F0065524 21,474875753-PDD
Armando De Souza Costa 628.719.

FAILED MATCH: Armando De Souza Costa 628.719.433-20 1 21,47	22/10/2025F0065524 21,474875753-PDD
FAILED MATCH: Armando De Souza Costa 628.719.433-20 1 487,62	22/10/2025F0065524 487,624894642-PDD
FAILED MATCH: Armando De Souza Costa 628.719.433-20 1 172,02	22/10/2025F0065524 172,024915067-PDD
FAILED MATCH: Cleudes Rosa Silva 925.468.033-87 1 197,30	27/10/2025F0042294 197,304924908-PDD
FAILED MATCH: Cleudes Rosa Silva 925.468.033-87 1 197,30	27/10/2025F0042294 197,304940833-PDD
FAILED MATCH: Dyhego Anderson Viana Nogueira Santana 025.948.143-26 1 365,23 27/10/2025F0069318 365,235106690-PDD
FAILED MATCH: Dyhego Anderson Viana Nogueira Santana 025.948.143-26 1 18,90 27/10/2025F0069318 18,905142802-PDD
FAILED MATCH: Henrique Jordao Rosa Cruz 668.717.863-68 1 502,39	09/10/2025F0066932 502,394960351-PDD
FAILED MATCH: Henrique Jordao Rosa Cruz 668.717.863-68 1 502,39	09/10/2025F0066932 502,394980493-PDD
FAILED MATCH: Jaciara Holanda Teixeira 466.959.583-00 1 384,72	28/10/2025F0040742 384,724778741-PDD
FAILED MATCH: Jaciara Holanda Teixeira 466.959.583-00 1 378,46	28/10/2025F0040742 378,464796878-PDD
FAILED MATCH: Juliana Vitoria Dos Santos Barros 609.653.823-11 1 135,07	13/10/2025F0070145 135,074666597-PDD
FAILED MATCH: Juliana Vitoria Dos Santos Barros 609.653.823-11 1 156,01	13/10/2025F0070145 156,014681678-PDD
FAILED MATCH: Luciane De Oliveira Sousa 018.055.013-64 1 241,67	17/10/2025F0064655 241,674645613-PDD
FAILED MATCH: Luciane De Oliveira Sousa 018.055.013-64 1 415,73	17/10/2025F0068518 415,734646278-PDD
FAILED MATCH: Luciane De Oliveira Sousa 018.055.013-64 1 241,67	17/10/2025F0064655 241,674661554-PDD
FAILED MATCH: Luciane De Oliveira Sousa 018.055.013-64 1 379,73	17/10/2025F0068518 379,734662209-PDD
FAILED MATCH: Rafael Gomes Rodrigues 615.020.383-23 1 178,29	28/10/2025F0069450 178,294461174-PDD
FAILED MATCH: Zulmira Holanda Teixeira 027.703.511-25 1 420,85	28/10/2025F0059849 420,854751251-PDD
FAILED MATCH: Zulmira Holanda Teixeira 027.703.511-25 1 420,85	28/10/2025F0059849 420,854783364-PDD
Total Matches: 0
=== IMPORT START: 2025-11-25 13:41:06 ===
File: uploads/pdd pagos.pdf
Total Text Length: 2249
First 500 chars:
aNDO: CR0117CR0117Unimed Maranhao do Sul - Coop. de Trabalho Medico
aTítulo:
RELATÓRIO ANALÍTICO	Entrada: 09/10/2025 31/12/2999a
Vencimento: 01/01/1900 31/12/2999aDE CONTAS A RECEBER POR NDO
Lançamento: 01/01/1900 31/12/2999a
Recebimento: 01/01/1900 31/12/2999aPirâmide
VENC.CNPJ/CPFCLIENTE SIT. VALOR TIT. VALORTÍTULO CÓDIGO
CR-REVERSAO PERDA CREDITO PLANO PF - APOS 180 DCR0117
Armando De Souza Costa 628.719.433-20 1 21,47	22/10/2025F0065524 21,474875753-PDD
Armando De Souza Costa 628.719.

Total Matches: 20
=== IMPORT START: 2025-11-25 13:48:23 ===
File: uploads/pdd pagos.pdf
Total Text Length: 2249
First 500 chars:
aNDO: CR0117CR0117Unimed Maranhao do Sul - Coop. de Trabalho Medico
aTítulo:
RELATÓRIO ANALÍTICO	Entrada: 09/10/2025 31/12/2999a
Vencimento: 01/01/1900 31/12/2999aDE CONTAS A RECEBER POR NDO
Lançamento: 01/01/1900 31/12/2999a
Recebimento: 01/01/1900 31/12/2999aPirâmide
VENC.CNPJ/CPFCLIENTE SIT. VALOR TIT. VALORTÍTULO CÓDIGO
CR-REVERSAO PERDA CREDITO PLANO PF - APOS 180 DCR0117
Armando De Souza Costa 628.719.433-20 1 21,47	22/10/2025F0065524 21,474875753-PDD
Armando De Souza Costa 628.719.

Total Matches: 20
=== IMPORT START: 2025-11-25 13:56:19 ===
File: uploads/pdd pagos.pdf
Total Text Length: 2249
First 500 chars:
aNDO: CR0117CR0117Unimed Maranhao do Sul - Coop. de Trabalho Medico
aTítulo:
RELATÓRIO ANALÍTICO	Entrada: 09/10/2025 31/12/2999a
Vencimento: 01/01/1900 31/12/2999aDE CONTAS A RECEBER POR NDO
Lançamento: 01/01/1900 31/12/2999a
Recebimento: 01/01/1900 31/12/2999aPirâmide
VENC.CNPJ/CPFCLIENTE SIT. VALOR TIT. VALORTÍTULO CÓDIGO
CR-REVERSAO PERDA CREDITO PLANO PF - APOS 180 DCR0117
Armando De Souza Costa 628.719.433-20 1 21,47	22/10/2025F0065524 21,474875753-PDD
Armando De Souza Costa 628.719.

Total Matches: 20
=== IMPORT START: 2025-11-25 19:10:36 ===
File: uploads/pdd fisica pago geral até 25-11-25.pdf
Total Text Length: 59059
First 500 chars:
aNDO: CR0117CR0117Unimed Maranhao do Sul - Coop. de Trabalho Medico
aTítulo:
RELATÓRIO ANALÍTICO	Entrada: 01/01/1900 31/12/2999a
Vencimento: 01/01/1900 31/12/2999aDE CONTAS A RECEBER POR NDO
Lançamento: 01/01/1900 31/12/2999a
Recebimento: 01/01/1900 31/12/2999aPirâmide
VENC.CNPJ/CPFCLIENTE SIT. VALOR TIT. VALORTÍTULO CÓDIGO
CR-REVERSAO PERDA CREDITO PLANO PF - APOS 180 DCR0117
Abraao Andrade Setuval Junior 625.539.763-72 1 212,44	05/09/2024F0046961 212,444842824-PDD
Adao Da Silva 006.765.

FAILED MATCH: F De O Araujo Comercio 26.530.831/0001-69 1 731,86	25/08/202500000913 731,86106597/21-PDD
FAILED MATCH: Luma Joana Brito Ribeiro De Menezes 610.710.283-32 1 502,15	21/03/2024F0069187 502,154634387- PDD
Total Matches: 624
=== IMPORT START: 2025-11-26 17:02:11 ===
File: uploads/pdd pagos PJ.pdf
Total Text Length: 8151
First 500 chars:
aNDO: CR0118CR0118Unimed Maranhao do Sul - Coop. de Trabalho Medico
aTítulo:
RELATÓRIO ANALÍTICO	Entrada: 01/01/1900 31/12/2999a
Vencimento: 01/01/1900 31/12/2999aDE CONTAS A RECEBER POR NDO
Lançamento: 01/01/1900 31/12/2999a
Recebimento: 01/01/1900 31/12/2999aPirâmide
VENC.CNPJ/CPFCLIENTE SIT. VALOR TIT. VALORTÍTULO CÓDIGO
CR-REVERSAO PERDA CREDITO PLANO PJ - APOS 180 DCR0118
Alana Oliveira Da Silva 05416705302 40.738.139/0001-51 1 222,12 22/02/202400002509 222,12162763/23-PDD
Alcabox Lt

FAILED MATCH: Alana Oliveira Da Silva 05416705302 40.738.139/0001-51 1 222,12 22/02/202400002509 222,12162763/23-PDD
FAILED MATCH: Alcabox Ltda 09.256.012/0002-37 1 1.930,39	03/12/202400002845 1.930,39213940/24-PDD
FAILED MATCH: Alcabox Ltda 09.256.012/0002-37 1 1.901,66	03/12/202400002845 1.901,66219027/24-PDD
FAILED MATCH: Alzenar Souza Da Costa 00177236205 37.863.679/0001-52 1 417,07 12/12/202400002622 417,07212160/24-PDD
FAILED MATCH: Alzenar Souza Da Costa 00177236205 37.863.679/0001-52 1 157,43 12/12/202400002622 157,43217307/24-PDD
FAILED MATCH: Alzenar Souza Da Costa 00177236205 37.863.679/0001-52 1 68,20 12/12/202400002622 68,204945473/24-PDD
FAILED MATCH: Ana Vitoria Sousa Silva 08719706359 44.299.324/0001-48 1 807,61 18/11/202400003822 807,61206472/23-PDD
FAILED MATCH: Ana Vitoria Sousa Silva 08719706359 44.299.324/0001-48 1 639,91 18/11/202400003822 639,91210090/24-PDD
FAILED MATCH: Ana Vitoria Sousa Silva 08719706359 44.299.324/0001-48 1 205,30 18/11/202400003822 205,30214694/24-PDD
FAILED MATCH: Ana Vitoria Sousa Silva 08719706359 44.299.324/0001-48 1 132,56 18/11/202400003822 132,56219233/24-PDD
FAILED MATCH: C H L Silva Otica Eireli 15.275.164/0001-07 1 171,89	03/04/202500000562 171,894901912/24-PDD
FAILED MATCH: 43.206.069/0012-31 1 10.578,1811/11/202400000326 10.578,18195173/23-PDD
FAILED MATCH: 43.206.069/0012-31 1 265,9111/11/202400000326 265,914901910/24-PDD
FAILED MATCH: Cepac - Centro De Patologia Padre Angelo Ltda. 11.858.218/0001-06 1 3.308,9322/10/202500003094 3.308,93274118/25-PDD
FAILED MATCH: Cepac - Centro De Patologia Padre Angelo Ltda. 11.858.218/0001-06 1 3.308,9323/10/202500003094 3.308,93269603/25-PDD
FAILED MATCH: Cleudimara Da Silva Barreto 01306540356 41.073.316/0001-90 1 1.537,61 29/08/202500002608 1.537,61248138/24-PDD
FAILED MATCH: Cleudimara Da Silva Barreto 01306540356 41.073.316/0001-90 1 1.537,61 29/08/202500002608 1.537,61252858/24-PDD
FAILED MATCH: Com Ind Matsuda Imp Exportadora Ltda 43.206.069/0012-31 1 136,29 29/08/202400000328 136,294901911/24-PDD
FAILED MATCH: Com Ind Matsuda Imp Exportadora Ltda 43.206.069/0012-31 1 298,64 11/11/202400000327 298,64195174/23-PDD
FAILED MATCH: Com Ind Matsuda Imp Exportadora Ltda 43.206.069/0012-31 1 9.934,75 11/11/202400000328 9.934,75195175/23-PDD
FAILED MATCH: D De Sousa Pereira Masterclin Estetica 29.539.080/0001-30 1 676,64 12/09/202400002436 676,64173041/23-PDD
FAILED MATCH: D De Sousa Pereira Masterclin Estetica 29.539.080/0001-30 1 676,64 12/09/202400002436 676,64176781/23-PDD
FAILED MATCH: D R Sousa Florestal Ltda 24.566.394/0001-08 1 2.134,00	30/04/202500003910 2.134,00202804/23-PDD
FAILED MATCH: D R Sousa Florestal Ltda 24.566.394/0001-08 1 2.134,00	30/04/202500003910 2.134,00206571/24-PDD
FAILED MATCH: D. A. De Siqueira Filho Construcoes Ltda 17.223.049/0001-06 1 1.990,40 06/12/202400003853 1.990,40208447/24-PDD
FAILED MATCH: D.A De Siqueira Filho Contrucoes Eireli 17.223.049/0001-06 1 168,56 05/12/202400001227 168,564915024/24-PDD
FAILED MATCH: Danillo Aislan S Lucena 33.425.889/0001-08 1 71,59	27/01/202500001190 71,594915023/24-PDD
FAILED MATCH: E F De Sousa Comercio 06.095.113/0001-02 1 2.370,13	16/02/202500001011 2.370,13211519/24-PDD
FAILED MATCH: E F De Sousa Comercio 06.095.113/0001-02 1 75,60	16/02/202500001011 75,604985163/24-PDD
FAILED MATCH: E F De Sousa Comercio 06.095.113/0001-02 1 125,99	16/02/202500001011 125,995019641/24-PDD
FAILED MATCH: Elisangela Maria Da Silva 60081169337 34.067.427/0001-29 1 1.701,46 16/05/202500002013 1.701,46203955/23-PDD
FAILED MATCH: Elisangela Maria Da Silva 60081169337 34.067.427/0001-29 1 1.701,46 16/05/202500002013 1.701,46207574/24-PDD
FAILED MATCH: F De O Araujo Comercio 26.530.831/0001-69 1 731,86	25/08/202500000913 731,86108517/21-PDD
FAILED MATCH: 47.806.942/0001-25 1 1.473,9418/09/202500004294 1.473,94270069/25-PDD
FAILED MATCH: Hospital Santa Monica Ltda 23.430.770/0001-70 1 414,60	17/09/202400000701 414,604093865-PPDD
FAILED MATCH: I L Ribeiro Cerqueira 23.034.483/0001-40 1 454,70	21/02/202400002131 454,70140605/22-PDD
FAILED MATCH: I L Ribeiro Cerqueira 23.034.483/0001-40 1 454,70	21/02/202400002131 454,70143277/22-PDD
FAILED MATCH: Jr Diniz Som E Acessorios Ltda 15.024.126/0001-73 1 36,00	19/12/202400003325 36,004915032/24-PDD
FAILED MATCH: L. Da S. Sousa Eireli - Me 23.937.632/0001-81 1 36,00	02/06/202500003083 36,00246561/24-PDD
FAILED MATCH: Mercearia Sao Domingos Ltda 26.563.257/0001-45 1 231,07	20/10/202500003063 231,07190297/23-PDD
FAILED MATCH: Nathaly Camily Barbosa Dos Santos 05682840380 38.265.354/0001-30 1 689,1526/09/202400002376 689,15209790/24-PDD
FAILED MATCH: Nathaly Camily Barbosa Dos Santos 05682840380 38.265.354/0001-30 1 689,1526/09/202400002376 689,15213854/24-PDD
FAILED MATCH: Pc M Dias Comercio 21.710.842/0001-07 1 618,79	26/06/202400001848 618,79184466/23-PDD
FAILED MATCH: Pc M Dias Comercio 21.710.842/0001-07 1 618,79	26/06/202400001848 618,79188546/23-PDD
FAILED MATCH: R P A Construtora E Incorporadora Ltda 55.113.849/0001-63 1 808,21 28/10/202400003340 808,214915033/24-PDD
FAILED MATCH: RUIDERGLAN DOS SANTOS BARROS 402.969.893-04 1 770,25	05/08/202400001299 770,25184247/23-PDD
FAILED MATCH: RUIDERGLAN DOS SANTOS BARROS 402.969.893-04 1 751,73	05/08/202400001299 751,73188328/23-PDD
FAILED MATCH: RUIDERGLAN DOS SANTOS BARROS 402.969.893-04 1 23,13	05/08/202400001299 23,13192087/23-PDD
FAILED MATCH: 54.296.938/0001-20 1 1.406,3708/09/202500004275 1.406,37237754/24-PDD
FAILED MATCH: 54.296.938/0001-20 1 1.433,9208/09/202500004275 1.433,92242577/24-PDD
FAILED MATCH: 54.296.938/0001-20 1 31,50 08/09/202500004275 31,50247101/24-PDD
FAILED MATCH: Ruth Figueira De Sousa 60272119385 19.074.753/0001-70 1 540,84 23/10/202500001043 540,84203587/23-PDD
FAILED MATCH: Ruth Figueira De Sousa 60272119385 19.074.753/0001-70 1 17,92 23/10/202500001043 17,92211528/24-PDD
FAILED MATCH: 11.053.303/0001-99 1 7.946,9311/02/202500000497 7.946,93137344/22-PDD
FAILED MATCH: 11.053.303/0001-99 1 7.946,9320/02/202500000497 7.946,93140234/22-PDD
FAILED MATCH: Studio Face 47.071.064/0001-47 1 69,43	23/10/202500003472 69,434901919/24-PDD
FAILED MATCH: Studio Face 47.071.064/0001-47 1 173,61	23/10/202500003472 173,614915034/24-PDD
FAILED MATCH: Sumare - Com Repres Ltda 01.852.549/0001-77 1 1.265,60	05/08/202400002475 1.265,60192572/23-PDD
FAILED MATCH: Sumare - Com Repres Ltda 01.852.549/0001-77 1 1.265,60	05/08/202400002475 1.265,60196162/23-PDD
FAILED MATCH: 07.057.185/0002-09 1 118,9605/08/202400003700 118,964864116-PDD
FAILED MATCH: Vanderli S. Da Costa 08.253.532/0001-42 1 481,42	16/10/202400002308 481,42205977/23-PDD
FAILED MATCH: Vanderli S. Da Costa 08.253.532/0001-42 1 1.596,69	16/10/202400002308 1.596,69209774/24-PDD
FAILED MATCH: Vanderli S. Da Costa 08.253.532/0001-42 1 170,25	16/10/202400002308 170,25213838/24-PDD
FAILED MATCH: Ybyra Consultoria Socioambiental Ltda 27.820.253/0001-68 1 1.072,36 23/09/202500003737 1.072,36206514/24-PDD
FAILED MATCH: Ybyra Consultoria Socioambiental Ltda 27.820.253/0001-68 1 1.072,36 23/09/202500003737 1.072,36210367/24-PDD
Total Matches: 6
=== IMPORT START: 2025-12-01 17:11:15 ===
File: uploads/pdd pagos PF 26-11 a 01-12.pdf
Total Text Length: 989
First 500 chars:
aNDO: CR0117CR0117Unimed Maranhao do Sul - Coop. de Trabalho Medico
aTítulo:
RELATÓRIO ANALÍTICO	Entrada: 25/11/2025 31/12/2999a
Vencimento: 01/01/1900 31/12/2999aDE CONTAS A RECEBER POR NDO
Lançamento: 01/01/1900 31/12/2999a
Recebimento: 01/01/1900 31/12/2999aPirâmide
VENC.CNPJ/CPFCLIENTE SIT. VALOR TIT. VALORTÍTULO CÓDIGO
CR-REVERSAO PERDA CREDITO PLANO PF - APOS 180 DCR0117
Ayane Dos Santos Sampaio 610.539.083-18 1 246,38	26/11/2025F0068824 246,384471731-PDD
Ayane Dos Santos Sampaio 61

Total Matches: 6
=== IMPORT START: 2025-12-03 12:17:39 ===
File: C:\Users\enzoverzaro\Documents\SPC ANTI\public/uploads/pdd pagos PF 26-11 a 01-12.pdf
Total Text Length: 989
First 500 chars:
aNDO: CR0117CR0117Unimed Maranhao do Sul - Coop. de Trabalho Medico
aTítulo:
RELATÓRIO ANALÍTICO	Entrada: 25/11/2025 31/12/2999a
Vencimento: 01/01/1900 31/12/2999aDE CONTAS A RECEBER POR NDO
Lançamento: 01/01/1900 31/12/2999a
Recebimento: 01/01/1900 31/12/2999aPirâmide
VENC.CNPJ/CPFCLIENTE SIT. VALOR TIT. VALORTÍTULO CÓDIGO
CR-REVERSAO PERDA CREDITO PLANO PF - APOS 180 DCR0117
Ayane Dos Santos Sampaio 610.539.083-18 1 246,38	26/11/2025F0068824 246,384471731-PDD
Ayane Dos Santos Sampaio 61

Total Matches: 6
=== IMPORT START: 2025-12-05 17:45:20 ===
File: uploads/pdd pagos PF e PJ.pdf
Total Text Length: 689
First 500 chars:
aNDO: CR0118CR0117Unimed Maranhao do Sul - Coop. de Trabalho Medico
aTítulo:
RELATÓRIO ANALÍTICO	Entrada: 01/12/2025 05/12/2025a
Vencimento: 01/01/1900 31/12/2999aDE CONTAS A RECEBER POR NDO
Lançamento: 01/01/1900 31/12/2999a
Recebimento: 01/01/1900 31/12/2999aPirâmide
VENC.CNPJ/CPFCLIENTE SIT. VALOR TIT. VALORTÍTULO CÓDIGO
CR-REVERSAO PERDA CREDITO PLANO PJ - APOS 180 DCR0118
Jn. Representacoes Ltda 37.846.160/0001-66 1 2.898,30	03/12/202500002412 2.898,30232832/24-PDD
Jn. Representacoes

FAILED MATCH: Jn. Representacoes Ltda 37.846.160/0001-66 1 2.898,30	03/12/202500002412 2.898,30232832/24-PDD
FAILED MATCH: Jn. Representacoes Ltda 37.846.160/0001-66 1 2.898,30	03/12/202500002412 2.898,30236877/24-PDD
Total Matches: 0
=== IMPORT START: 2025-12-10 18:48:56 ===
File: uploads/pdd pagos PF e PJ 01-12 a 10-12.pdf
Total Text Length: 1521
First 500 chars:
aNDO: CR0118CR0117Unimed Maranhao do Sul - Coop. de Trabalho Medico
aTítulo:
RELATÓRIO ANALÍTICO	Entrada: 01/12/2025 31/12/2999a
Vencimento: 01/01/1900 31/12/2999aDE CONTAS A RECEBER POR NDO
Lançamento: 01/01/1900 31/12/2999a
Recebimento: 01/01/1900 31/12/2999aPirâmide
VENC.CNPJ/CPFCLIENTE SIT. VALOR TIT. VALORTÍTULO CÓDIGO
CR-REVERSAO PERDA CREDITO PLANO PF - APOS 180 DCR0117
Amanda Leite Silva 607.201.803-33 1 296,17	02/12/2025F0067069 296,174953341-PDD
Amanda Leite Silva 607.201.803-33

FAILED MATCH: Jn. Representacoes Ltda 37.846.160/0001-66 1 2.898,30	03/12/202500002412 2.898,30232832/24-PDD
FAILED MATCH: Jn. Representacoes Ltda 37.846.160/0001-66 1 2.898,30	03/12/202500002412 2.898,30236877/24-PDD
Total Matches: 9
=== IMPORT START: 2025-12-22 13:25:04 ===
File: uploads/pdd pagos PF e PJ 10-12 a 22-12.pdf
Total Text Length: 1944
First 500 chars:
aNDO: CR0118CR0117Unimed Maranhao do Sul - Coop. de Trabalho Medico
aTítulo:
RELATÓRIO ANALÍTICO	Entrada: 10/12/2025 31/12/2999a
Vencimento: 01/01/1900 31/12/2999aDE CONTAS A RECEBER POR NDO
Lançamento: 01/01/1900 31/12/2999a
Recebimento: 01/01/1900 31/12/2999aPirâmide
VENC.CNPJ/CPFCLIENTE SIT. VALOR TIT. VALORTÍTULO CÓDIGO
CR-REVERSAO PERDA CREDITO PLANO PF - APOS 180 DCR0117
Adriano Araujo Saraiva 006.534.812-50 1 37,49	18/12/2025F0063817 37,494337219-PDD
Ana Beatriz Araujo Costa 077.77

FAILED MATCH: Ivonildo Moreira Dos Santos 442.667.745-91 1 1.547,77	17/12/2025F0041257 1.547,774525923/22-PDD
FAILED MATCH: 27.614.659/0001-94 1 1.489,7819/12/202500004357 1.489,78268299/25-PDD
FAILED MATCH: 27.614.659/0001-94 1 1.489,7819/12/202500004357 1.489,78272274/25-PDD
FAILED MATCH: 27.614.659/0001-94 1 57,86 19/12/202500004357 57,86277081/25-PDD
FAILED MATCH: F R Da Mota Construcoes 29.971.011/0001-09 1 638,96	11/12/202500003663 638,96269815/25-PDD
FAILED MATCH: F R Da Mota Construcoes 29.971.011/0001-09 1 638,96	11/12/202500003663 638,96274328/25-PDD
Total Matches: 8
=== IMPORT START: 2026-01-06 14:09:34 ===
File: C:\Users\ENZOVE~1\AppData\Local\Temp/C_PIRAMIDE_RELATORIOS_RNDOANLN.QRP.pdf
Total Text Length: 416
First 500 chars:
aNDO: CR0118CR0117Unimed Maranhao do Sul - Coop. de Trabalho Medico
aTítulo:
RELATÓRIO ANALÍTICO	Entrada: 22/12/2025 31/12/2999a
Vencimento: 01/01/1900 31/12/2999aDE CONTAS A RECEBER POR NDO
Lançamento: 01/01/1900 31/12/2999a
Recebimento: 01/01/1900 31/12/2999aPirâmide
VENC.CNPJ/CPFCLIENTE SIT. VALOR TIT. VALORTÍTULO CÓDIGO
0,000
Relatório: Página:C:\PIRAMIDE\RELATORIOS\RNDOANLN.QRP 06/01/2026 10:08:41 1

Total Matches: 0
=== IMPORT START: 2026-01-20 13:13:59 ===
File: C:\Users\ENZOVE~1\AppData\Local\Temp/pdd pagos PF e PJ 22-12 a 20-01.pdf
Total Text Length: 1390
First 500 chars:
aNDO: CR0118CR0117Unimed Maranhao do Sul - Coop. de Trabalho Medico
aTítulo:
RELATÓRIO ANALÍTICO	Entrada: 22/12/2025 31/12/2999a
Vencimento: 01/01/1900 31/12/2999aDE CONTAS A RECEBER POR NDO
Lançamento: 01/01/1900 31/12/2999a
Recebimento: 01/01/1900 31/12/2999aPirâmide
VENC.CNPJ/CPFCLIENTE SIT. VALOR TIT. VALORTÍTULO CÓDIGO
CR-REVERSAO PERDA CREDITO PLANO PF - APOS 180 DCR0117
Alcione De Araujo Cunha Resende 023.242.893-00 1 239,77	15/01/2026F0067452 239,775153878-PDD
Alcione De Araujo Cu

FAILED MATCH: R. C. A. Carneiro Eireli 41.199.507/0001-01 1 593,42	06/01/202600002225 593,42211981/24-PDD
FAILED MATCH: R. C. A. Carneiro Eireli 41.199.507/0001-01 1 658,82	06/01/202600002225 658,82217129/24-PDD
Total Matches: 7
=== IMPORT START: 2026-01-26 20:52:28 ===
File: C:\Users\ENZOVE~1\AppData\Local\Temp/pdd pagos PF e PJ 20-01 a 26-01.pdf
Total Text Length: 671
First 500 chars:
aNDO: CR0118CR0117Unimed Maranhao do Sul - Coop. de Trabalho Medico
aTítulo:
RELATÓRIO ANALÍTICO	Entrada: 20/01/2026 26/01/2026a
Vencimento: 01/01/1900 31/12/2999aDE CONTAS A RECEBER POR NDO
Lançamento: 01/01/1900 31/12/2999a
Recebimento: 01/01/1900 31/12/2999aPirâmide
VENC.CNPJ/CPFCLIENTE SIT. VALOR TIT. VALORTÍTULO CÓDIGO
CR-REVERSAO PERDA CREDITO PLANO PF - APOS 180 DCR0117
Jose Giovani Balduino Tavares 364.041.793-34 1 20,15	20/01/2026F0048326 20,155145999-PDD
Jose Giovani Balduino Ta

Total Matches: 2
=== IMPORT START: 2026-02-12 13:55:10 ===
File: C:\Users\ENZOVE~1\AppData\Local\Temp/pdd pago.pdf
Total Text Length: 12898
First 500 chars:
CONTRATOTP_CONTRATOCONTRATANTE	CONTRATACAOCPF_CNPJ	STATUS VENDA	PARCELA DEBITOEMISSAO VENCIMENTODIAS_ATRASORUA	NUMEROBAIRRO	CEP CIDADE	ESTADONascimentoLINHASTATUS INCLUSAODATA INCLUSAOHORA INCLUSAOMOTIVO
41257 PDD Ivonildo Moreira Dos Santos	21/10/2025 44266774591 PDD PERDAS 45259234525923 11547,7730/05/202230/05/2022 1354	01/01/1980 264	PDD PERDAS (Importado)
41257 PDD Ivonildo Moreira Dos Santos	21/10/2025 44266774591 PDD PERDAS 45503744550374 11614,6230/06/202230/06/2022 1323	01/01/1980 285	P

FAILED MATCH: 41257 PDD Ivonildo Moreira Dos Santos	21/10/2025 44266774591 PDD PERDAS 45259234525923 11547,7730/05/202230/05/2022 1354	01/01/1980 264	PDD PERDAS (Importado)
FAILED MATCH: 41257 PDD Ivonildo Moreira Dos Santos	21/10/2025 44266774591 PDD PERDAS 45503744550374 11614,6230/06/202230/06/2022 1323	01/01/1980 285	PDD PERDAS (Importado)
FAILED MATCH: 41257	PDD Ivonildo Moreira Dos Santos21/10/2025 44266774591PDD PERDAS45259234525923 11547,77
FAILED MATCH: 41257	PDD Ivonildo Moreira Dos Santos21/10/2025 44266774591PDD PERDAS45503744550374 11614,62
FAILED MATCH: PDD PERDAS (Importado)
FAILED MATCH: PDD PERDAS (Importado)
FAILED MATCH: 571 PDD Hci Santa Monica 20310099000135
FAILED MATCH: 1663 PDD F S Auto Servicos E Pecas 21034291000109
FAILED MATCH: 1673 PDD Construimp 17032854000152
FAILED MATCH: 977 PDD Maria Bonita 30710621000120
FAILED MATCH: 977 PDD Maria Bonita 30710621000120
FAILED MATCH: 977 PDD Maria Bonita 30710621000120
FAILED MATCH: 977 PDD Maria Bonita 30710621000120
FAILED MATCH: 2386 PDD Litalia Pizzaria Ltda 22854945000103
FAILED MATCH: 1597 PDD Gr Engenharia 26857752000167
FAILED MATCH: 1597 PDD Gr Engenharia 26857752000167
FAILED MATCH: 1883 PDD Allcare Administradora De Beneficios Sao Paulo Ltda 07674593000110
FAILED MATCH: 1877 PDD Allcare Administradora De Beneficios Sao Paulo Ltda 07674593000110
FAILED MATCH: 1880 PDD Allcare Administradora De Beneficios Sao Paulo Ltda 07674593000110
FAILED MATCH: 1892 PDD Allcare Administradora De Beneficios Sao Paulo Ltda 07674593000110
FAILED MATCH: 3040 PDD Andreia Nappo Dalla Libera Rego De Medeiros & Cia Ltda 13117492000141
FAILED MATCH: 758 PDD Cliente PDD 07674593000110
FAILED MATCH: 1885 PDD Allcare Administradora De Beneficios Sao Paulo Ltda 07674593000110
FAILED MATCH: 754 PDD Allcare Administradora De Beneficios Sao Paulo Ltda 07674593000110
FAILED MATCH: 1879 PDD Allcare Administradora De Beneficios Sao Paulo Ltda 07674593000110
FAILED MATCH: 1894 PDD Allcare Administradora De Beneficios Sao Paulo Ltda 07674593000110
FAILED MATCH: 766 PDD Allcare Administradora De Beneficios Sao Paulo Ltda 07674593000110
FAILED MATCH: 3040 PDD Andreia Nappo Dalla Libera Rego De Medeiros & Cia Ltda 13117492000141
FAILED MATCH: 765 PDD Allcare Administradora De Beneficios Sao Paulo Ltda 07674593000110
FAILED MATCH: 774 PDD Allcare Administradora De Beneficios Sao Paulo Ltda 07674593000110
FAILED MATCH: 1878 PDD Allcare Administradora De Beneficios Sao Paulo Ltda 07674593000110
FAILED MATCH: 1884 PDD Allcare Administradora De Beneficios Sao Paulo Ltda 07674593000110
FAILED MATCH: 1893 PDD Allcare Administradora De Beneficios Sao Paulo Ltda 07674593000110
FAILED MATCH: 766 PDD Allcare Administradora De Beneficios Sao Paulo Ltda 07674593000110
FAILED MATCH: 1885 PDD Allcare Administradora De Beneficios Sao Paulo Ltda 07674593000110
FAILED MATCH: 1894 PDD Allcare Administradora De Beneficios Sao Paulo Ltda 07674593000110
FAILED MATCH: 3040 PDD Andreia Nappo Dalla Libera Rego De Medeiros & Cia Ltda 13117492000141
FAILED MATCH: 758 PDD Cliente PDD 07674593000110
FAILED MATCH: 1881 PDD Allcare Administradora De Beneficios Sao Paulo Ltda 07674593000110
FAILED MATCH: 1893 PDD Allcare Administradora De Beneficios Sao Paulo Ltda 07674593000110
FAILED MATCH: 1893 PDD Allcare Administradora De Beneficios Sao Paulo Ltda 07674593000110
FAILED MATCH: 2515 PDD Struttura Editorial 13967678000190
FAILED MATCH: 2515 PDD Struttura Editorial 13967678000190
FAILED MATCH: 2515 PDD Struttura Editorial 13967678000190
FAILED MATCH: 2076 PDD Cliente PDD 36763926000186
FAILED MATCH: 2076 PDD Cliente PDD 36763926000186
FAILED MATCH: 3163 PDD Cliente PDD 45213515000108
FAILED MATCH: 2233 PDD Delta Educacional 23689211000189
FAILED MATCH: 911 PDD Cliente PDD 17959840000189
FAILED MATCH: 950 PDD Cliente PDD 23170972000120
FAILED MATCH: 1239 PDD Cliente PDD 04471206000150
FAILED MATCH: 2233 PDD Delta Educacional 23689211000189
FAILED MATCH: 327 PDD Cliente PDD 43206069001231
FAILED MATCH: 3163 PDD Cliente PDD 45213515000108
FAILED MATCH: 1043 PDD Atualissima 19074753000170
FAILED MATCH: 3853 PDD Dsf Engenharia 17223049000106
FAILED MATCH: 3472 PDD Studio Face Ltda 47071064000147
FAILED MATCH: 3472 PDD Studio Face Ltda 47071064000147
FAILED MATCH: 1043 PDD Atualissima 19074753000170
FAILED MATCH: 3313 PDD Rodorrica - Rodoviario E Representacao Norrica Ltda 03165994000194
FAILED MATCH: 1682 PDD Transportadora Delta 04358518000152
FAILED MATCH: 3313 PDD Rodorrica - Rodoviario E Representacao Norrica Ltda 03165994000194
FAILED MATCH: 1682 PDD Transportadora Delta 04358518000152
FAILED MATCH: 4275 PDD Robson Silva 54296938000120
FAILED MATCH: 4275 PDD Robson Silva 54296938000120
FAILED MATCH: 4275 PDD Robson Silva 54296938000120
FAILED MATCH: 4546 PDD Elite Company 16/10/2025 47120370000126
FAILED MATCH: 4689 PDD Bom Prime Alimentos 16/10/2025 10649355000160
FAILED MATCH: PDD PERDAS 4300558 1 26,72 20/02/2021 20/02/2021 1818 PIAUI
FAILED MATCH: PDD PERDAS 4301451 1 75,81 20/02/2021 20/02/2021 1818 BR 010
FAILED MATCH: PDD PERDAS 4301829 1 370,56 28/02/2021 28/02/2021 1810 NEWTON BELLO
FAILED MATCH: PDD PERDAS 4392239 1 678,35 20/09/2021 20/09/2021 1606 GODOFREDO VIANA
FAILED MATCH: PDD PERDAS 4412948 1 627,21 20/10/2021 20/10/2021 1576 GODOFREDO VIANA
FAILED MATCH: PDD PERDAS 4427629 1 572,55 20/11/2021 20/11/2021 1545 GODOFREDO VIANA
FAILED MATCH: PDD PERDAS 4451963 1 663,65 30/12/2021 30/12/2021 1505 GODOFREDO VIANA
FAILED MATCH: PDD PERDAS 4467093 1 240,34 30/01/2022 30/01/2022 1474 SETE DE SETEMBRO
FAILED MATCH: PDD PERDAS 4476717 1 1241,63 20/02/2022 20/02/2022 1453 SAO FRANCISCO
FAILED MATCH: PDD PERDAS 4487304 1 1241,63 20/03/2022 20/03/2022 1425 SAO FRANCISCO
FAILED MATCH: PDD PERDAS 4635717 1 269,90 20/11/2022 20/11/2022 1180 ALAMEDA SANTOS
FAILED MATCH: PDD PERDAS 4635715 1 447,33 20/11/2022 20/11/2022 1180 ALAMEDA SANTOS
FAILED MATCH: PDD PERDAS 4635716 1 534,53 20/11/2022 20/11/2022 1180 ALAMEDA SANTOS
FAILED MATCH: PDD PERDAS 4635718 1 133,70 20/11/2022 20/11/2022 1180 ALAMEDA SANTOS
FAILED MATCH: PDD PERDAS 4637149 1 469,36 20/11/2022 20/11/2022 1180 MARECHAL HERMES DA FONSECA
FAILED MATCH: PDD PERDAS 4635729 1 23,58 20/11/2022 20/11/2022 1180
FAILED MATCH: PDD PERDAS 4653283 1 647,52 10/12/2022 10/12/2022 1160 ALAMEDA SANTOS
FAILED MATCH: PDD PERDAS 4653252 1 74,20 10/12/2022 10/12/2022 1160 ALAMEDA SANTOS
FAILED MATCH: PDD PERDAS 4653262 1 112,32 10/12/2022 10/12/2022 1160 ALAMEDA SANTOS
FAILED MATCH: PDD PERDAS 4653270 1 126,58 10/12/2022 10/12/2022 1160 ALAMEDA SANTOS
FAILED MATCH: PDD PERDAS 4653279 1 131,81 10/12/2022 10/12/2022 1160 ALAMEDA SANTOS
FAILED MATCH: PDD PERDAS 4652792 1 469,36 20/12/2022 20/12/2022 1150 MARECHAL HERMES DA FONSECA
FAILED MATCH: PDD PERDAS 4653256 1 79,20 30/12/2022 30/12/2022 1140 ALAMEDA SANTOS
FAILED MATCH: PDD PERDAS 4653257 1 29,85 30/12/2022 30/12/2022 1140 ALAMEDA SANTOS
FAILED MATCH: PDD PERDAS 4653261 1 75,60 30/12/2022 30/12/2022 1140 ALAMEDA SANTOS
FAILED MATCH: PDD PERDAS 4653266 1 1317,79 30/12/2022 30/12/2022 1140 ALAMEDA SANTOS
FAILED MATCH: PDD PERDAS 4653269 1 5,36 30/12/2022 30/12/2022 1140 ALAMEDA SANTOS
FAILED MATCH: PDD PERDAS 4669169 1 70,83 10/01/2023 10/01/2023 1129 ALAMEDA SANTOS
FAILED MATCH: PDD PERDAS 4669175 1 265,77 10/01/2023 10/01/2023 1129 ALAMEDA SANTOS
FAILED MATCH: PDD PERDAS 4669177 1 279,12 10/01/2023 10/01/2023 1129 ALAMEDA SANTOS
FAILED MATCH: PDD PERDAS 4668636 1 498,16 20/01/2023 20/01/2023 1119 MARECHAL HERMES DA FONSECA
FAILED MATCH: PDD PERDAS 4669182 1 72,87 20/01/2023 20/01/2023 1119
FAILED MATCH: PDD PERDAS 4669172 1 228,16 30/01/2023 30/01/2023 1109 ALAMEDA SANTOS
FAILED MATCH: PDD PERDAS 4669176 1 66,06 30/01/2023 30/01/2023 1109 ALAMEDA SANTOS
FAILED MATCH: PDD PERDAS 4685910 1 50,40 28/02/2023 28/02/2023 1080 ALAMEDA SANTOS
FAILED MATCH: PDD PERDAS 4705802 1 1881,67 30/03/2023 30/03/2023 1050 Padre João Gualberto
FAILED MATCH: PDD PERDAS 4725481 1 1881,67 30/04/2023 30/04/2023 1019 Padre João Gualberto
FAILED MATCH: PDD PERDAS 4744378 1 1881,67 30/05/2023 30/05/2023 989 Padre João Gualberto
FAILED MATCH: PDD PERDAS 4754495 1 1324,98 20/06/2023 20/06/2023 968
FAILED MATCH: PDD PERDAS 4786309 1 1324,98 20/07/2023 20/07/2023 938
FAILED MATCH: PDD PERDAS 4807323 1 21611,61 20/08/2023 20/08/2023 907
FAILED MATCH: PDD PERDAS 4807682 1 168,70 30/08/2023 30/08/2023 897 SENADOR MILLET
FAILED MATCH: PDD PERDAS 4823885 1 20,76 20/09/2023 20/09/2023 876
FAILED MATCH: PDD PERDAS 4823886 1 67,44 20/09/2023 20/09/2023 876
FAILED MATCH: PDD PERDAS 4823891 1 837,32 20/09/2023 20/09/2023 876
FAILED MATCH: PDD PERDAS 4825439 1 168,70 30/09/2023 30/09/2023 866 SENADOR MILLET
FAILED MATCH: PDD PERDAS 4845719 1 298,64 20/10/2023 20/10/2023 846
FAILED MATCH: PDD PERDAS 4864499 1 54,48 20/11/2023 20/11/2023 815
FAILED MATCH: PDD PERDAS 4885398 1 540,84 20/12/2023 20/12/2023 785 CASTELO BRANCO
FAILED MATCH: PDD PERDAS 4897333 1 1990,40 20/01/2024 20/01/2024 754 JACOB
FAILED MATCH: PDD PERDAS 4901919 1 69,43 20/01/2024 20/01/2024 754 URBANO SANTOS
FAILED MATCH: PDD PERDAS 4915034 1 173,61 20/02/2024 20/02/2024 723 URBANO SANTOS
FAILED MATCH: PDD PERDAS 4915253 1 531,98 20/02/2024 20/02/2024 723 CASTELO BRANCO
FAILED MATCH: PDD PERDAS 4933574 1 1559,53 30/03/2024 30/03/2024 684 BR 010
FAILED MATCH: PDD PERDAS 4955244 1 1294,15 30/04/2024 30/04/2024 653 GOVERNADOR LUIZ ROCHA
FAILED MATCH: PDD PERDAS 4947088 1 1542,90 30/04/2024 30/04/2024 653 BR 010
FAILED MATCH: PDD PERDAS 4974590 1 1294,15 30/05/2024 30/05/2024 623 GOVERNADOR LUIZ ROCHA
FAILED MATCH: PDD PERDAS 5015777 1 1406,37 20/07/2024 20/07/2024 572 02 LOTEAMENTO JARDIM IRACEMA
FAILED MATCH: PDD PERDAS 5034539 1 1433,92 20/08/2024 20/08/2024 541 02 LOTEAMENTO JARDIM IRACEMA
FAILED MATCH: PDD PERDAS 5050071 1 1424,41 20/09/2024 20/09/2024 510 02 LOTEAMENTO JARDIM IRACEMA
FAILED MATCH: PDD PERDAS 5174032 1 891,60 20/05/2025 20/05/2025 268
FAILED MATCH: PDD PERDAS 5174105 1 1497,53 20/05/2025 20/05/2025 268
FAILED MATCH: PDD PERDAS (Importado)
FAILED MATCH: PDD PERDAS (Importado)
FAILED MATCH: PDD PERDAS (Importado)
FAILED MATCH: PDD PERDAS (Importado)
FAILED MATCH: PDD PERDAS (Importado)
FAILED MATCH: PDD PERDAS (Importado)
FAILED MATCH: PDD PERDAS (Importado)
FAILED MATCH: PDD PERDAS (Importado)
FAILED MATCH: PDD PERDAS (Importado)
FAILED MATCH: PDD PERDAS (Importado)
FAILED MATCH: PDD PERDAS (Importado)
FAILED MATCH: PDD PERDAS (Importado)
FAILED MATCH: PDD PERDAS (Importado)
FAILED MATCH: PDD PERDAS (Importado)
FAILED MATCH: PDD PERDAS (Importado)
FAILED MATCH: PDD PERDAS (Importado)
FAILED MATCH: PDD PERDAS (Importado)
FAILED MATCH: PDD PERDAS (Importado)
FAILED MATCH: PDD PERDAS (Importado)
FAILED MATCH: PDD PERDAS (Importado)
FAILED MATCH: PDD PERDAS (Importado)
FAILED MATCH: PDD PERDAS (Importado)
FAILED MATCH: PDD PERDAS (Importado)
FAILED MATCH: PDD PERDAS (Importado)
FAILED MATCH: PDD PERDAS (Importado)
FAILED MATCH: PDD PERDAS (Importado)
FAILED MATCH: PDD PERDAS (Importado)
FAILED MATCH: PDD PERDAS (Importado)
FAILED MATCH: PDD PERDAS (Importado)
FAILED MATCH: PDD PERDAS (Importado)
FAILED MATCH: PDD PERDAS (Importado)
FAILED MATCH: PDD PERDAS (Importado)
FAILED MATCH: PDD PERDAS (Importado)
FAILED MATCH: PDD PERDAS (Importado)
FAILED MATCH: PDD PERDAS (Importado)
FAILED MATCH: PDD PERDAS (Importado)
FAILED MATCH: PDD PERDAS (Importado)
FAILED MATCH: PDD PERDAS (Importado)
FAILED MATCH: PDD PERDAS (Importado)
FAILED MATCH: PDD PERDAS (Importado)
FAILED MATCH: PDD PERDAS (Importado)
FAILED MATCH: PDD PERDAS (Importado)
FAILED MATCH: PDD PERDAS (Importado)
FAILED MATCH: PDD PERDAS (Importado)
FAILED MATCH: PDD PERDAS (Importado)
FAILED MATCH: PDD PERDAS (Importado)
FAILED MATCH: PDD PERDAS (Importado)
FAILED MATCH: PDD PERDAS (Importado)
FAILED MATCH: PDD PERDAS (Importado)
FAILED MATCH: PDD PERDAS (Importado)
FAILED MATCH: PDD PERDAS (Importado)
FAILED MATCH: PDD PERDAS (Importado)
FAILED MATCH: PDD PERDAS (Importado)
FAILED MATCH: PDD PERDAS (Importado)
FAILED MATCH: PDD PERDAS (Importado)
FAILED MATCH: PDD PERDAS (Importado)
FAILED MATCH: PDD PERDAS (Importado)
FAILED MATCH: PDD PERDAS (Importado)
FAILED MATCH: PDD PERDAS (Importado)
FAILED MATCH: PDD PERDAS (Importado)
FAILED MATCH: PDD PERDAS (Importado)
FAILED MATCH: PDD PERDAS (Importado)
Total Matches: 0
